// Vitest Snapshot v1, https://vitest.dev/guide/snapshot.html

exports[`keeps the guide content (structure snapshot) 1`] = `
{
  "difficulties": [
    1,
    2,
    3,
    4,
    5,
    6,
    7,
    8,
    9,
    10,
  ],
  "ratings": [
    1,
    2,
    3,
    4,
    5,
  ],
  "sheets": [
    {
      "experiences": [
        "incepator",
        "avansat",
      ],
      "key": "EDU",
      "name": "Educațional",
      "sections": [
        {
          "tasks": [
            "Ședință departamentală · 2",
            "Ședință de lucru · 3",
            "Voluntar contactări · [3,2]",
            "Realizare pancarte · 3",
            "Redactare Raport CDOS · 5",
            "Participare ABC · 3",
            "EDUNights · 2",
            "Facilitare EDU Nights · [5,4]",
            "Amendamente · 5",
            "Scriere postări · [4,3]",
            "Stand campanie · [3,2]",
            "Brigadă · [3,2]",
            "Responsabil echipă · "medalie"",
            "Pregătire materiale campanii · 2",
            "Monitorizare · [4,3]",
            "Updatare resurse / bază de date · [4,3]",
            "Actualizare documente · [4,3]",
            "Moderare grup Admitere UBB · [3,2]",
          ],
          "title": null,
        },
      ],
    },
    {
      "experiences": [
        "incepator",
        "intermediar",
        "avansat",
      ],
      "key": "FIN",
      "name": "Financiar",
      "sections": [
        {
          "tasks": [
            "Ședință departamentală · 2",
            "Ședință de lucru · 3",
            "Script mail · [2,1,1]",
            "Contactări mail · [3,2,1]",
            "Contactări telefonice · [4,3,2]",
            "Negocieri · [5,4,4]",
            "Responsabil OSUBB Deals · 8",
            "Responsabil linie de finanțare · 7",
            "Responsabil Campania 3,5%/20% · 6",
            "Voluntar Campania 3,5%/20% · [3,2,2]",
            "Bază de date · [3,2,2]",
            "Menținere comunicare cu partenerii · [4,3,2]",
            "Scop și obiective · [3,2,2]",
            "Descriere organizație · [2,1,1]",
            "Activități · [5,4,4]",
            "Sustenabilitate · [4,3,3]",
            "Caracter inovativ · [4,3,3]",
            "Beneficiari · 1",
          ],
          "title": null,
        },
      ],
    },
    {
      "experiences": [
        "incepator",
        "avansat",
      ],
      "key": "HR",
      "name": "Resurse Umane",
      "sections": [
        {
          "tasks": [
            "Ședință departamentală · 2",
            "Ședință de lucru · 3",
            "Voluntar Contactări · [3,2]",
            "Remindere · 2",
            "Responsabil Contactări · [4,3]",
            "Responsabil Activitate Internă · [4,3]",
            "Responsabil Campanie Internă · "medalie"",
            "Voluntar Campanie Internă · [3,2]",
            "Responsabil Quiz & Buddy · 5",
            "Voluntar Quiz · [3,2]",
            "Voluntar Buddy · [4,3]",
            "Membru echipă TB · 7",
            "Voluntar HR Watch · [3,2]",
          ],
          "title": null,
        },
      ],
    },
    {
      "experiences": [
        "incepator",
        "intermediar",
        "avansat",
      ],
      "key": "IMG&PR",
      "name": "Imagine & PR",
      "sections": [
        {
          "tasks": [
            "Ședință departamentală · 2",
            "Ședință de brainstorming · 3",
            "Ședință de lucru · 3",
            "Vizual · [2,1,1]",
            "Descriere · [2,1,1]",
            "Plan media · [3,2,2]",
            "Carusel · [2,1,1]",
            "Identitate vizuală · [5,4,3]",
            "Comunicat de presă · [5,4,3]",
            "Postări interne · [2,1,1]",
            "Postări alumni și onorifici · [3,2,2]",
            "Apariție în TikTok · 1",
            "Filmat TikTok · [3,2,2]",
            "Editare TikTok · [4,3,2]",
            "Filmare video · [5,4,4]",
            "Editare video · 5",
            "Apariție în video · 2",
            "Realizare fotografii · [5,4,4]",
            "Editare fotografii · 5",
            "Afiș · [3,2,2]",
            "Sticker · [3,2,2]",
            "Flyer · [3,2,2]",
            "Badge-uri · [4,3,3]",
            "Cover facebook · [3,2,2]",
            "Merch · 5",
          ],
          "title": null,
        },
      ],
    },
    {
      "experiences": [
        "incepator",
        "avansat",
      ],
      "key": "TIN",
      "name": "Tineret",
      "sections": [
        {
          "tasks": [
            "Ședință departamentală · 2",
            "Ședințe de lucru departamentale · 3",
            "Ambasadori de tineret- responsabil de conusultare · 5",
            "Ambasadori de tineret- voluntar plan si sistem de consultare · 4",
            "Ambasadori de tineret- voluntar colectare si date si metode · 3",
            "Ambasadori de tineret- voluntar monitorizare si interpretare · 4",
            "Responsabil Campanie · "medalie"",
            "Responsabil activitate Campanie · [4,3]",
            "Voluntar Campanie · [3,2]",
            "Workshop-uri departamentale · 2",
          ],
          "title": null,
        },
      ],
    },
    {
      "experiences": [],
      "key": "Interne",
      "name": "Interne",
      "sections": [
        {
          "tasks": [
            "Ședință Generală · 2 · Nota 3",
            "Ședință Comisia de Interne · 2 · Nota 3",
            "Interviu AG · 3",
            "Grup de lucru AG · 5",
          ],
          "title": null,
        },
        {
          "tasks": [
            "Deplasare Caravana UBB · null",
            "Participare proiecte de scurtă durată · null",
            "Participare proiecte de lungă durată · null",
            "Participare gale · null",
            "Participare proteste · null",
          ],
          "title": "Evenimente externe",
        },
      ],
    },
    {
      "experiences": [
        "incepator",
        "avansat",
      ],
      "key": "Proiecte",
      "name": "Proiecte",
      "sections": [
        {
          "tasks": [
            "Coordonator principal · 10",
            "Responsabil echipă principală · 9",
            "Responsabil mini-echipă (ex: logistică, activități) · 7",
            "Realizare strategie de proiect · 5",
            "Realizare plan de implementare · 4",
            "Stabilirea calendar activități · 4",
            "Call responsabili · 3",
            "Interviuri responsabili · 4",
          ],
          "title": "COORDONARE / STRATEGIE / MANAGEMENT",
        },
        {
          "tasks": [
            "Participare la ședință · 2",
            "Ședință de lucru · 3",
            "Ședință cu partener / facilitator · 3",
          ],
          "title": "ȘEDINȚE / GRUPURI DE LUCRU",
        },
        {
          "tasks": [
            "Call voluntari · 3",
            "Creare grup voluntari + adăugare voluntari în grupuri · 3",
            "Organizare ședință voluntari · 3",
            "Prezentare pentru ședință · 2",
            "Plan gestionare voluntari · 5",
            "Realizare program / repartizare voluntari · 4",
            "Gestionare TaskTracker voluntari · 4",
          ],
          "title": "GESTIONARE VOLUNTARI",
        },
        {
          "tasks": [
            "Realizare buget · [3,2]",
            "Script mail · [2,1]",
            "Contactări mail · [3,2]",
            "Contactări telefonice · [4,3]",
            "Negocieri · [5,4]",
            "Bază de date · [3,2]",
            "Menținere comunicare cu partenerii · [4,3]",
            "Încheiere contract · [5,4]",
          ],
          "title": "CONTACTARE / PARTENERIATE",
        },
        {
          "tasks": [
            "Centralizare date / e-mailuri · 2",
            "E-mail standard / transmitere document · 2",
            "Cerere simplă către instituție · 2",
            "Cerere instituțională complexă · 3",
            "Realizare PV · 2",
            "Gestionare documentație · 3",
            "Centralizare facturi / documente financiare · [4,3]",
            "Contractare / documentație contractuală · 4",
            "Centralizare constantă întrări/ieșiri · 3",
          ],
          "title": "SECRETARIAT / ADMINISTRATIV",
        },
        {
          "tasks": [
            "Brainstorming activitate · 3",
            "Organizare activitate · [3,2]",
            "Coordonare activitate · [5,4]",
            "Facilitare activitate · [4,3]",
            "Suport activitate · [3,2]",
            "Stabilire activitate cu partener · [4,3]",
            "Realizare desfășurător · [3,2]",
            "Pregătire activitate · 2",
            "Realizare materiale activitate · 2",
            "Ajutor / suport activitate · 2",
            "Testare activitate / joc · 2",
          ],
          "title": "ACTIVITĂȚI",
        },
        {
          "tasks": [
            "Gestionare materiale · 2",
            "Pregătire materiale · 2",
            "Distribuire materiale · 1",
            "Achiziție materiale · 2",
            "Pregătire materiale pentru activitate · 3",
            "Coordonare logistică · 5",
            "Gestionare locație · 3",
            "Stabilire detalii logistice · 2",
            "Asigurare transport · 3",
            "Logistică în timpul evenimentului · 3",
            "Gestionare situație de criză logistică · 5",
            "Logistică post-eveniment · 3",
            "Strângere / predare materiale · 2",
          ],
          "title": "LOGISTICĂ",
        },
        {
          "tasks": [
            "Descriere · [2,1]",
            "Descriere postare complexă / explicativă · [3,2]",
            "Postare simplă · 2",
            "Postare complexă · [3,2]",
            "Postare pe template · 2",
            "Set de stories · 2",
            "Comunicat de presă · [5,4]",
            "Relația / comunicarea cu presa · [4,3]",
            "Monitorizare social media / mesaje · 2",
            "Monitorizare apariții în presă · 2",
            "Plan media · [3,2]",
            "Strategie de comunicare / PR · [5,4]",
            "Campanie de comunicare · [5,4]",
          ],
          "title": "PR",
        },
        {
          "tasks": [
            "Design simplu · [2,1]",
            "Design postare · [3,2]",
            "Design story / template · [2,1]",
            "Design afiș · [3,2]",
            "Design material complex · [4,3]",
            "Design mapă de prezentare · [3,2]",
            "Design materiale promoționale · [3,2]",
            "Merch · 5",
            "Carusel · [2,1]",
            "Identitate vizuală · [5,4]",
          ],
          "title": "DESIGN",
        },
        {
          "tasks": [
            "Fotografiere activitate · [5,4]",
            "Filmare · [5,4]",
            "Editare foto · 5",
            "Editare video · 5",
            "Editare reel · [4,3]",
          ],
          "title": "FOTO / VIDEO",
        },
      ],
    },
  ],
}
`;
